// Jest Snapshot v1, https://goo.gl/fbAQLP

exports[`Example Component test. should match with Snapshot. 1`] = `"This is an example test"`;
