// Jest Snapshot v1, https://goo.gl/fbAQLP

exports[`Joke Component test. should match with Snapshot. 1`] = `
<div>
  Chuck norris mock
</div>
`;
