// Jest Snapshot v1, https://goo.gl/fbAQLP

exports[`Joke Component test. should match with Snapshot. 1`] = `
Array [
  <h1>
    Chuck says:
  </h1>,
  "Chuck norris mock",
]
`;
